0 verbose cli /usr/bin/node /usr/bin/npm
1 info using npm@10.8.2
2 info using node@v20.20.2
3 silly config load:file:/usr/lib/node_modules/npm/npmrc
4 silly config load:file:/home/user/.npmrc
5 silly config load:file:/usr/etc/npmrc
6 verbose title npm install @supabase/supabase-js ws
7 verbose argv "install" "@supabase/supabase-js" "ws"
8 verbose logfile logs-max:10 dir:/home/user/.npm/_logs/2026-07-31T21_20_10_454Z-
9 verbose logfile /home/user/.npm/_logs/2026-07-31T21_20_10_454Z-debug-0.log
10 silly packumentCache heap:998768640 maxSize:249692160 maxEntrySize:124846080
11 silly logfile done cleaning log files
12 silly idealTree buildDeps
13 silly fetch manifest @supabase/supabase-js@^2.109.0
14 silly packumentCache full:https://registry.npmjs.org/@supabase%2fsupabase-js cache-miss
15 http fetch GET 200 https://registry.npmjs.org/npm 167ms
16 http fetch GET 200 https://registry.npmjs.org/@supabase%2fsupabase-js 178ms (cache miss)
17 silly packumentCache full:https://registry.npmjs.org/@supabase%2fsupabase-js set size:undefined disposed:false
18 silly fetch manifest ws@^8.21.1
19 silly packumentCache full:https://registry.npmjs.org/ws cache-miss
20 http fetch GET 200 https://registry.npmjs.org/ws 46ms (cache miss)
21 silly packumentCache full:https://registry.npmjs.org/ws set size:undefined disposed:false
22 silly fetch manifest bufferutil@^4.0.1
23 silly packumentCache full:https://registry.npmjs.org/bufferutil cache-miss
24 http fetch GET 200 https://registry.npmjs.org/bufferutil 27ms (cache miss)
25 silly packumentCache full:https://registry.npmjs.org/bufferutil set size:undefined disposed:false
26 silly fetch manifest utf-8-validate@>=5.0.2
27 silly packumentCache full:https://registry.npmjs.org/utf-8-validate cache-miss
28 http fetch GET 200 https://registry.npmjs.org/utf-8-validate 27ms (cache miss)
29 silly packumentCache full:https://registry.npmjs.org/utf-8-validate set size:undefined disposed:false
30 silly placeDep ROOT @supabase/supabase-js@2.109.0 REPLACE for: ecoclean-connect@0.2.0 want: ^2.109.0
31 silly placeDep ROOT ws@8.21.1 REPLACE for: ecoclean-connect@0.2.0 want: ^8.21.1
32 silly reify moves {}
33 silly audit bulk request {
33 silly audit   '@supabase/auth-js': [ '2.109.0' ],
33 silly audit   '@supabase/functions-js': [ '2.109.0' ],
33 silly audit   '@supabase/phoenix': [ '0.4.4' ],
33 silly audit   '@supabase/postgrest-js': [ '2.109.0' ],
33 silly audit   '@supabase/realtime-js': [ '2.109.0' ],
33 silly audit   '@supabase/storage-js': [ '2.109.0' ],
33 silly audit   'agent-base': [ '7.1.4' ],
33 silly audit   'asn1.js': [ '5.4.1' ],
33 silly audit   'bn.js': [ '4.12.5' ],
33 silly audit   'buffer-equal-constant-time': [ '1.0.1' ],
33 silly audit   debug: [ '4.4.3' ],
33 silly audit   'ecdsa-sig-formatter': [ '1.0.11' ],
33 silly audit   http_ece: [ '1.2.0' ],
33 silly audit   'https-proxy-agent': [ '7.0.6' ],
33 silly audit   'iceberg-js': [ '0.8.1' ],
33 silly audit   inherits: [ '2.0.4' ],
33 silly audit   jwa: [ '2.0.1' ],
33 silly audit   jws: [ '4.0.1' ],
33 silly audit   'minimalistic-assert': [ '1.0.1' ],
33 silly audit   minimist: [ '1.2.8' ],
33 silly audit   ms: [ '2.1.3' ],
33 silly audit   'safe-buffer': [ '5.2.1' ],
33 silly audit   'safer-buffer': [ '2.1.2' ],
33 silly audit   tslib: [ '2.8.1' ],
33 silly audit   'web-push': [ '3.6.7' ],
33 silly audit   '@supabase/supabase-js': [ '2.109.0' ],
33 silly audit   ws: [ '8.21.1' ]
33 silly audit }
34 silly tarball no local data for ws@https://registry.npmjs.org/ws/-/ws-8.21.1.tgz. Extracting by manifest.
35 silly tarball no local data for @supabase/supabase-js@https://registry.npmjs.org/@supabase/supabase-js/-/supabase-js-2.109.0.tgz. Extracting by manifest.
36 silly tarball no local data for web-push@https://registry.npmjs.org/web-push/-/web-push-3.6.7.tgz. Extracting by manifest.
37 silly tarball no local data for tslib@https://registry.npmjs.org/tslib/-/tslib-2.8.1.tgz. Extracting by manifest.
38 silly tarball no local data for safer-buffer@https://registry.npmjs.org/safer-buffer/-/safer-buffer-2.1.2.tgz. Extracting by manifest.
39 silly tarball no local data for safe-buffer@https://registry.npmjs.org/safe-buffer/-/safe-buffer-5.2.1.tgz. Extracting by manifest.
40 silly tarball no local data for ms@https://registry.npmjs.org/ms/-/ms-2.1.3.tgz. Extracting by manifest.
41 silly tarball no local data for minimist@https://registry.npmjs.org/minimist/-/minimist-1.2.8.tgz. Extracting by manifest.
42 silly tarball no local data for minimalistic-assert@https://registry.npmjs.org/minimalistic-assert/-/minimalistic-assert-1.0.1.tgz. Extracting by manifest.
43 silly tarball no local data for jws@https://registry.npmjs.org/jws/-/jws-4.0.1.tgz. Extracting by manifest.
44 silly tarball no local data for jwa@https://registry.npmjs.org/jwa/-/jwa-2.0.1.tgz. Extracting by manifest.
45 silly tarball no local data for inherits@https://registry.npmjs.org/inherits/-/inherits-2.0.4.tgz. Extracting by manifest.
46 silly tarball no local data for iceberg-js@https://registry.npmjs.org/iceberg-js/-/iceberg-js-0.8.1.tgz. Extracting by manifest.
47 silly tarball no local data for https-proxy-agent@https://registry.npmjs.org/https-proxy-agent/-/https-proxy-agent-7.0.6.tgz. Extracting by manifest.
48 silly tarball no local data for http_ece@https://registry.npmjs.org/http_ece/-/http_ece-1.2.0.tgz. Extracting by manifest.
49 silly tarball no local data for ecdsa-sig-formatter@https://registry.npmjs.org/ecdsa-sig-formatter/-/ecdsa-sig-formatter-1.0.11.tgz. Extracting by manifest.
50 silly tarball no local data for debug@https://registry.npmjs.org/debug/-/debug-4.4.3.tgz. Extracting by manifest.
51 silly tarball no local data for buffer-equal-constant-time@https://registry.npmjs.org/buffer-equal-constant-time/-/buffer-equal-constant-time-1.0.1.tgz. Extracting by manifest.
52 silly tarball no local data for bn.js@https://registry.npmjs.org/bn.js/-/bn.js-4.12.5.tgz. Extracting by manifest.
53 silly tarball no local data for asn1.js@https://registry.npmjs.org/asn1.js/-/asn1.js-5.4.1.tgz. Extracting by manifest.
54 silly tarball no local data for agent-base@https://registry.npmjs.org/agent-base/-/agent-base-7.1.4.tgz. Extracting by manifest.
55 silly tarball no local data for @supabase/storage-js@https://registry.npmjs.org/@supabase/storage-js/-/storage-js-2.109.0.tgz. Extracting by manifest.
56 silly tarball no local data for @supabase/realtime-js@https://registry.npmjs.org/@supabase/realtime-js/-/realtime-js-2.109.0.tgz. Extracting by manifest.
57 silly tarball no local data for @supabase/postgrest-js@https://registry.npmjs.org/@supabase/postgrest-js/-/postgrest-js-2.109.0.tgz. Extracting by manifest.
58 silly tarball no local data for @supabase/phoenix@https://registry.npmjs.org/@supabase/phoenix/-/phoenix-0.4.4.tgz. Extracting by manifest.
59 silly tarball no local data for @supabase/functions-js@https://registry.npmjs.org/@supabase/functions-js/-/functions-js-2.109.0.tgz. Extracting by manifest.
60 silly tarball no local data for @supabase/auth-js@https://registry.npmjs.org/@supabase/auth-js/-/auth-js-2.109.0.tgz. Extracting by manifest.
61 http fetch POST 200 https://registry.npmjs.org/-/npm/v1/security/advisories/bulk 88ms
62 silly audit report {}
63 http fetch GET 200 https://registry.npmjs.org/ws/-/ws-8.21.1.tgz 77ms (cache miss)
64 http fetch GET 200 https://registry.npmjs.org/http_ece/-/http_ece-1.2.0.tgz 261ms (cache miss)
65 http fetch GET 200 https://registry.npmjs.org/ecdsa-sig-formatter/-/ecdsa-sig-formatter-1.0.11.tgz 266ms (cache miss)
66 http fetch GET 200 https://registry.npmjs.org/debug/-/debug-4.4.3.tgz 268ms (cache miss)
67 http fetch GET 200 https://registry.npmjs.org/buffer-equal-constant-time/-/buffer-equal-constant-time-1.0.1.tgz 267ms (cache miss)
68 http fetch GET 200 https://registry.npmjs.org/asn1.js/-/asn1.js-5.4.1.tgz 272ms (cache miss)
69 http fetch GET 200 https://registry.npmjs.org/bn.js/-/bn.js-4.12.5.tgz 274ms (cache miss)
70 http fetch GET 200 https://registry.npmjs.org/ms/-/ms-2.1.3.tgz 288ms (cache miss)
71 http fetch GET 200 https://registry.npmjs.org/minimalistic-assert/-/minimalistic-assert-1.0.1.tgz 288ms (cache miss)
72 http fetch GET 200 https://registry.npmjs.org/inherits/-/inherits-2.0.4.tgz 288ms (cache miss)
73 http fetch GET 200 https://registry.npmjs.org/jwa/-/jwa-2.0.1.tgz 290ms (cache miss)
74 http fetch GET 200 https://registry.npmjs.org/safer-buffer/-/safer-buffer-2.1.2.tgz 302ms (cache miss)
75 http fetch GET 200 https://registry.npmjs.org/safe-buffer/-/safe-buffer-5.2.1.tgz 303ms (cache miss)
76 http fetch GET 200 https://registry.npmjs.org/jws/-/jws-4.0.1.tgz 302ms (cache miss)
77 http fetch GET 200 https://registry.npmjs.org/https-proxy-agent/-/https-proxy-agent-7.0.6.tgz 308ms (cache miss)
78 http fetch GET 200 https://registry.npmjs.org/agent-base/-/agent-base-7.1.4.tgz 300ms (cache miss)
79 http fetch GET 200 https://registry.npmjs.org/web-push/-/web-push-3.6.7.tgz 325ms (cache miss)
80 http fetch GET 200 https://registry.npmjs.org/tslib/-/tslib-2.8.1.tgz 327ms (cache miss)
81 http fetch GET 200 https://registry.npmjs.org/minimist/-/minimist-1.2.8.tgz 337ms (cache miss)
82 http fetch GET 200 https://registry.npmjs.org/iceberg-js/-/iceberg-js-0.8.1.tgz 335ms (cache miss)
83 http fetch GET 200 https://registry.npmjs.org/@supabase/phoenix/-/phoenix-0.4.4.tgz 384ms (cache miss)
84 http fetch GET 200 https://registry.npmjs.org/@supabase/functions-js/-/functions-js-2.109.0.tgz 410ms (cache miss)
85 http fetch GET 200 https://registry.npmjs.org/@supabase/supabase-js/-/supabase-js-2.109.0.tgz 436ms (cache miss)
86 http fetch GET 200 https://registry.npmjs.org/@supabase/storage-js/-/storage-js-2.109.0.tgz 430ms (cache miss)
87 http fetch GET 200 https://registry.npmjs.org/@supabase/postgrest-js/-/postgrest-js-2.109.0.tgz 437ms (cache miss)
88 http fetch GET 200 https://registry.npmjs.org/@supabase/realtime-js/-/realtime-js-2.109.0.tgz 461ms (cache miss)
89 http fetch GET 200 https://registry.npmjs.org/@supabase/auth-js/-/auth-js-2.109.0.tgz 479ms (cache miss)
90 silly ADD node_modules/ws
91 silly ADD node_modules/@supabase/supabase-js
92 silly ADD node_modules/web-push
93 silly ADD node_modules/tslib
94 silly ADD node_modules/safer-buffer
95 silly ADD node_modules/safe-buffer
96 silly ADD node_modules/ms
97 silly ADD node_modules/minimist
98 silly ADD node_modules/minimalistic-assert
99 silly ADD node_modules/jws
100 silly ADD node_modules/jwa
101 silly ADD node_modules/inherits
102 silly ADD node_modules/iceberg-js
103 silly ADD node_modules/https-proxy-agent
104 silly ADD node_modules/http_ece
105 silly ADD node_modules/ecdsa-sig-formatter
106 silly ADD node_modules/debug
107 silly ADD node_modules/buffer-equal-constant-time
108 silly ADD node_modules/bn.js
109 silly ADD node_modules/asn1.js
110 silly ADD node_modules/agent-base
111 silly ADD node_modules/@supabase/storage-js
112 silly ADD node_modules/@supabase/realtime-js
113 silly ADD node_modules/@supabase/postgrest-js
114 silly ADD node_modules/@supabase/phoenix
115 silly ADD node_modules/@supabase/functions-js
116 silly ADD node_modules/@supabase/auth-js
117 verbose cwd /home/user
118 verbose os Linux 6.1.158+
119 verbose node v20.20.2
120 verbose npm  v10.8.2
121 notice
121 notice New major version of npm available! 10.8.2 -> 12.0.2
121 notice Changelog: https://github.com/npm/cli/releases/tag/v12.0.2
121 notice To update run: npm install -g npm@12.0.2
121 notice  { force: true, [Symbol(proc-log.meta)]: true }
122 verbose exit 0
123 info ok
